Microchip MPLAB XC8 Compiler V2.32

Linker command line:

-W-3 --edf=C:\Program Files\Microchip\xc8\v2.32\pic\dat\en_msgs.txt -cn \
  -h+dist/default/production\PWM_ADC_615.X.production.sym \
  --cmf=dist/default/production\PWM_ADC_615.X.production.cmf -z -Q12F615 \
  -oC:\Users\Giovanni\AppData\Local\Temp\xcAsi30.4 --defsym=__MPLAB_BUILD=1 \
  -Mdist/default/production/PWM_ADC_615.X.production.map -E1 \
  -ver=XC8 Compiler --acfsm=1493 -ASTACK=040h-06Fh -pstack=STACK \
  -ACODE=00h-03FFh -ASTRCODE=00h-03FFh -ASTRING=00h-0FFhx4 \
  -ACONST=00h-0FFhx4 -AENTRY=00h-0FFhx4 -ACOMMON=070h-07Fh \
  -ABANK0=040h-06Fh -ARAM=040h-06Fh -AABS1=040h-07Fh -ASFR0=00h-03Fh \
  -ASFR1=080h-0EFh -ACONFIG=02007h-02007h -DCONFIG=2 -AIDLOC=02000h-02003h \
  -DIDLOC=2 -DCODE=2 -DSTRCODE=2 -DSTRING=2 -DCONST=2 -DENTRY=2 \
  -preset_vec=00h,intentry,init,end_init -ppowerup=CODE -pcinit=CODE \
  -pfunctab=ENTRY -k C:\Users\Giovanni\AppData\Local\Temp\xcAsi30.o \
  dist/default/production\PWM_ADC_615.X.production.o 

Object code version is 3.11

Machine type is 12F615



                Name                               Link     Load   Length Selector   Space Scale
C:\Users\Giovanni\AppData\Local\Temp\xcAsi30.o
                end_init                              0        0        1        0       0
                config                             2007     2007        1        0       4
dist/default/production\PWM_ADC_615.X.production.o
                cinit                               3FE      3FE        2      7FC       0
                config                             2007     2007        1        0       4
                text1                               377      377       20      6EE       0
                maintext                            397      397       67      72E       0
                cstackCOMMON                         70       70        9       70       1

TOTAL           Name                               Link     Load   Length     Space
        CLASS   STACK          

        CLASS   CODE           
                end_init                              0        0        1         0
                cinit                               3FE      3FE        2         0
                text1                               377      377       20         0
                maintext                            397      397       67         0

        CLASS   STRCODE        

        CLASS   STRING         

        CLASS   CONST          

        CLASS   ENTRY          

        CLASS   COMMON         
                cstackCOMMON                         70       70        9         1

        CLASS   BANK0          

        CLASS   RAM            

        CLASS   ABS1           
                abs_s1                               7E       7E        2         1

        CLASS   SFR0           

        CLASS   SFR1           

        CLASS   CONFIG         
                config                             2007     2007        1         4

        CLASS   IDLOC          

        CLASS   BANK1          

        CLASS   EEDATA         



SEGMENTS        Name                           Load    Length   Top    Selector   Space  Class     Delta

                reset_vec                      000000  000001  000001         0       0  CODE        2
                cstackCOMMON                   000070  000009  000079        70       1  COMMON      1
                text1                          000377  000020  000397       6EE       0  CODE        2
                maintext                       000397  000067  0003FE       72E       0  CODE        2
                cinit                          0003FE  000002  000400       7FC       0  CODE        2


UNUSED ADDRESS RANGES

        Name                Unused          Largest block    Delta
        BANK0            0040-006F             30           1
        CODE             0001-0376            376           2
        COMMON           0079-007D              5           1
        CONST            0001-0376            100           2
        ENTRY            0001-0376            100           2
        IDLOC            2000-2003              4           2
        RAM              0040-006F             30           1
        SFR0             0000-003F             40           1
        SFR1             0080-00EF             70           1
        STACK            0040-006F             30           1
        STRCODE          0001-0376            376           2
        STRING           0001-0376            100           2

                                  Symbol Table

_ADCON0bits              (abs)        001F
_ADRESH                  (abs)        001E
_ANSEL                   (abs)        009F
_CCP1CON                 (abs)        0015
_CCP1CONbits             (abs)        0015
_CCPR1L                  (abs)        0013
_GP5                     (abs)        002D
_P1ASEL                  (abs)        0498
_T2CONbits               (abs)        0012
_TMR2                    (abs)        0011
_TMR2ON                  (abs)        0092
_TRISA                   (abs)        0085
_TRISIO0                 (abs)        0428
_TRISIO5                 (abs)        042D
__Habs1                  abs1         0000
__Hbank0                 bank0        0000
__Hbank1                 bank1        0000
__Hcinit                 cinit        0400
__Hclrtext               clrtext      0000
__Hcode                  code         0000
__Hcommon                common       0000
__Hconfig                config       2008
__HcstackCOMMON          cstackCOMMON 0000
__Heeprom_data           eeprom_data  0000
__Hend_init              end_init     0001
__Hfunctab               functab      0000
__Hinit                  init         0000
__Hintentry              intentry     0000
__Hmaintext              maintext     0000
__Hpowerup               powerup      0000
__Hram                   ram          0000
__Hreset_vec             reset_vec    0000
__Hsfr0                  sfr0         0000
__Hsfr1                  sfr1         0000
__Hspace_0               (abs)        0400
__Hspace_1               (abs)        0079
__Hspace_2               (abs)        0000
__Hspace_3               (abs)        0000
__Hspace_4               (abs)        400F
__Hstack                 stack        0000
__Hstrings               strings      0000
__Htext                  text         0000
__Labs1                  abs1         0000
__Lbank0                 bank0        0000
__Lbank1                 bank1        0000
__Lcinit                 cinit        03FE
__Lclrtext               clrtext      0000
__Lcode                  code         0000
__Lcommon                common       0000
__Lconfig                config       0000
__LcstackCOMMON          cstackCOMMON 0000
__Leeprom_data           eeprom_data  0000
__Lend_init              end_init     0000
__Lfunctab               functab      0000
__Linit                  init         0000
__Lintentry              intentry     0000
__Lmaintext              maintext     0000
__Lpowerup               powerup      0000
__Lram                   ram          0000
__Lreset_vec             reset_vec    0000
__Lsfr0                  sfr0         0000
__Lsfr1                  sfr1         0000
__Lspace_0               (abs)        0000
__Lspace_1               (abs)        0000
__Lspace_2               (abs)        0000
__Lspace_3               (abs)        0000
__Lspace_4               (abs)        0000
__Lstack                 stack        0000
__Lstrings               strings      0000
__Ltext                  text         0000
__S0                     (abs)        0400
__S1                     (abs)        0079
__S2                     (abs)        0000
___int_sp                stack        0000
___latbits               (abs)        0000
___sp                    stack        0000
___stackhi               (abs)        0000
___stacklo               (abs)        0000
__end_of__initialization cinit        03FE
__end_of_main            maintext     03FE
__end_of_setDuty         text1        0397
__initialization         cinit        03FE
__pcstackCOMMON          cstackCOMMON 0070
__pmaintext              maintext     0397
__ptext1                 text1        0377
__size_of_main           (abs)        0000
__size_of_setDuty        (abs)        0000
_main                    maintext     0397
_setDuty                 text1        0377
btemp                    (abs)        007E
end_of_initialization    cinit        03FE
intlevel0                functab      0000
intlevel1                functab      0000
intlevel2                functab      0000
intlevel3                functab      0000
intlevel4                functab      0000
intlevel5                functab      0000
main@ledOFF              cstackCOMMON 0078
main@result              cstackCOMMON 0076
reset_vec                reset_vec    0000
setDuty@duty             cstackCOMMON 0070
start                    init         0000
start_initialization     cinit        03FE
wtemp0                   (abs)        007E


MODULE INFORMATION

Module		Function		Class		Link	Load	Size
newmain.c
		_main          		CODE           	0397	0000	103
		_setDuty       		CODE           	0377	0000	32

newmain.c estimated size: 135

shared
		__initialization		CODE           	03FE	0000	1

shared estimated size: 1

